/* Export symbols should be added below according to
   Documentation/versioning.md document. */
MLX5_1.0 {
	global:
		mlx5dv_query_device;
		mlx5dv_init_obj;
	local: *;
};

MLX5_1.1 {
	global:
		mlx5dv_create_cq;
} MLX5_1.0;

MLX5_1.2 {
	global:
		mlx5dv_init_obj;
		mlx5dv_set_context_attr;
} MLX5_1.1;

MLX5_1.3 {
	global:
		mlx5dv_create_qp;
		mlx5dv_create_wq;
} MLX5_1.2;

MLX5_1.4 {
	global:
		mlx5dv_get_clock_info;
} MLX5_1.3;

MLX5_1.5 {
	global:
		mlx5dv_create_flow_action_esp;
} MLX5_1.4;

MLX5_1.6 {
        global:
		mlx5dv_create_flow_matcher;
		mlx5dv_destroy_flow_matcher;
		mlx5dv_create_flow;
} MLX5_1.5;

MLX5_1.7 {
	global:
		mlx5dv_create_flow_action_modify_header;
		mlx5dv_create_flow_action_packet_reformat;
		mlx5dv_devx_alloc_uar;
		mlx5dv_devx_free_uar;
		mlx5dv_devx_general_cmd;
		mlx5dv_devx_obj_create;
		mlx5dv_devx_obj_destroy;
		mlx5dv_devx_obj_modify;
		mlx5dv_devx_obj_query;
		mlx5dv_devx_query_eqn;
		mlx5dv_devx_umem_dereg;
		mlx5dv_devx_umem_reg;
		mlx5dv_open_device;
} MLX5_1.6;

MLX5_1.8 {
	global:
		mlx5dv_devx_cq_modify;
		mlx5dv_devx_cq_query;
		mlx5dv_devx_ind_tbl_modify;
		mlx5dv_devx_ind_tbl_query;
		mlx5dv_devx_qp_modify;
		mlx5dv_devx_qp_query;
		mlx5dv_devx_srq_modify;
		mlx5dv_devx_srq_query;
		mlx5dv_devx_wq_modify;
		mlx5dv_devx_wq_query;
		mlx5dv_is_supported;
} MLX5_1.7;

MLX5_1.9 {
	global:
		mlx5dv_devx_create_cmd_comp;
		mlx5dv_devx_destroy_cmd_comp;
		mlx5dv_devx_get_async_cmd_comp;
		mlx5dv_devx_obj_query_async;
} MLX5_1.8;
