IBVERBS_1.0 {
	global:
		ibv_get_devices;
		ibv_get_device_name;
		ibv_get_device_guid;
		ibv_open_device;
		ibv_close_device;
		ibv_get_async_event;
		ibv_ack_async_event;
		ibv_query_device;
		ibv_query_port;
		ibv_query_gid;
		ibv_query_pkey;
		ibv_alloc_pd;
		ibv_dealloc_pd;
		ibv_reg_mr;
		ibv_dereg_mr;
		ibv_create_comp_channel;
		ibv_destroy_comp_channel;
		ibv_create_cq;
		ibv_destroy_cq;
		ibv_get_cq_event;
		ibv_ack_cq_events;
		ibv_create_srq;
		ibv_modify_srq;
		ibv_destroy_srq;
		ibv_create_qp;
		ibv_modify_qp;
		ibv_destroy_qp;
		ibv_create_ah;
		ibv_destroy_ah;
		ibv_attach_mcast;
		ibv_detach_mcast;
		ibv_cmd_get_context;
		ibv_cmd_query_device;
		ibv_cmd_query_port;
		ibv_cmd_query_gid;
		ibv_cmd_query_pkey;
		ibv_cmd_alloc_pd;
		ibv_cmd_dealloc_pd;
		ibv_cmd_reg_mr;
		ibv_cmd_dereg_mr;
		ibv_cmd_create_cq;
		ibv_cmd_poll_cq;
		ibv_cmd_req_notify_cq;
		ibv_cmd_destroy_cq;
		ibv_cmd_create_srq;
		ibv_cmd_modify_srq;
		ibv_cmd_destroy_srq;
		ibv_cmd_create_qp;
		ibv_cmd_modify_qp;
		ibv_cmd_destroy_qp;
		ibv_cmd_post_send;
		ibv_cmd_post_recv;
		ibv_cmd_post_srq_recv;
		ibv_cmd_create_ah;
		ibv_cmd_destroy_ah;
		ibv_cmd_attach_mcast;
		ibv_cmd_detach_mcast;
		ib_copy_qp_attr_from_kern;
		ib_copy_path_rec_from_kern;
		ib_copy_path_rec_to_kern;
	local: *;
};
